Processing c5tako (board: esp32c5; platform: https://github.com/pioarduino/platform-espressif32/releases/download/55.03.39/platform-espressif32.zip; framework: arduino)
--------------------------------------------------------------------------------
Verbose mode can be enabled via `-v, --verbose` option
Checking submodules...
Initializing missing submodules and updating existing ones...
Submodules are ready.
[GZIP & EMBED INTO HEADER] - Nothing to process.
clang-format files:
  src/main.cpp
  boards/c5tako/interface.cpp
CONFIGURATION: https://docs.platformio.org/page/boards/espressif32/esp32c5.html
PLATFORM: Espressif 32 (55.3.39) > Espressif ESP32-C5 (generic)
HARDWARE: ESP32C5 240MHz, 320KB RAM, 1.50MB Flash
DEBUG: Current (cmsis-dap) External (cmsis-dap, esp-bridge, esp-builtin, esp-prog, esp-prog-2, iot-bus-jtag, jlink, minimodule, olimex-arm-usb-ocd, olimex-arm-usb-ocd-h, olimex-arm-usb-tiny-h, olimex-jtag-tiny, tumpa)
PACKAGES: 
 - contrib-piohome @ 3.4.4 
 - framework-arduinoespressif32 @ 3.3.9 
 - framework-arduinoespressif32-libs @ 5.5.4+sha.735507283d 
 - tool-esp-rom-elfs @ 2024.10.11 
 - tool-esptoolpy @ 5.3.0 
 - tool-riscv32-esp-elf-gdb @ 17.1.0+20260402 
 - toolchain-riscv32-esp @ 14.2.0+20260121
[ComponentManager] Processed 2 ignored libraries
[ComponentManager] Session completed with 1 changes
LDF: Library Dependency Finder -> https://bit.ly/configure-pio-ldf
LDF Modes: Finder ~ chain, Compatibility ~ soft
Found 51 compatible libraries
Scanning dependencies...
Dependency Graph
|-- SD @ 3.3.9
|-- SPI @ 3.3.9
|-- ArduinoJson @ 7.4.3
|-- Wire @ 3.3.9
|-- CYD-touch
|-- DisplayDrivers @ 0.0.2
|-- bq27220
|-- SPIFFS @ 3.3.9
|-- FS @ 3.3.9
|-- SD_MMC @ 3.3.9
|-- LittleFS @ 3.3.9
|-- FFat @ 3.3.9
Building in release mode
Compiling .pio\build\c5tako\FrameworkArduinoVariant\variant.cpp.o
Compiling .pio\build\c5tako\libfc9\FS\FS.cpp.o
Compiling .pio\build\c5tako\libfc9\FS\vfs_api.cpp.o
Compiling .pio\build\c5tako\lib425\SPI\SPI.cpp.o
Compiling .pio\build\c5tako\lib5b0\SD\SD.cpp.o
Compiling .pio\build\c5tako\lib5b0\SD\sd_diskio.cpp.o
Compiling .pio\build\c5tako\lib5b0\SD\sd_diskio_crc.c.o
Compiling .pio\build\c5tako\liba1f\Wire\Wire.cpp.o
Compiling .pio\build\c5tako\lib915\CYD-touch\CYD28_TouchscreenC.cpp.o
Compiling .pio\build\c5tako\lib915\CYD-touch\CYD28_TouchscreenR.cpp.o
Compiling .pio\build\c5tako\libad8\Arduino_GFX\Arduino_DataBus.cpp.o
Compiling .pio\build\c5tako\libad8\Arduino_GFX\Arduino_G.cpp.o
Compiling .pio\build\c5tako\libad8\Arduino_GFX\Arduino_GFX.cpp.o
Compiling .pio\build\c5tako\libad8\Arduino_GFX\Arduino_GFX_Library.cpp.o
Compiling .pio\build\c5tako\libad8\Arduino_GFX\Arduino_OLED.cpp.o
Compiling .pio\build\c5tako\libad8\Arduino_GFX\Arduino_TFT.cpp.o
Compiling .pio\build\c5tako\libad8\Arduino_GFX\Arduino_TFT_18bit.cpp.o
Compiling .pio\build\c5tako\libad8\Arduino_GFX\canvas\Arduino_Canvas.cpp.o
Compiling .pio\build\c5tako\libad8\Arduino_GFX\canvas\Arduino_Canvas_3bit.cpp.o
Compiling .pio\build\c5tako\libad8\Arduino_GFX\canvas\Arduino_Canvas_Indexed.cpp.o
Compiling .pio\build\c5tako\libad8\Arduino_GFX\canvas\Arduino_Canvas_Mono.cpp.o
Compiling .pio\build\c5tako\libad8\Arduino_GFX\databus\Arduino_AVRPAR16.cpp.o
Compiling .pio\build\c5tako\libad8\Arduino_GFX\databus\Arduino_AVRPAR8.cpp.o
Compiling .pio\build\c5tako\libad8\Arduino_GFX\databus\Arduino_DUEPAR16.cpp.o
Compiling .pio\build\c5tako\libad8\Arduino_GFX\databus\Arduino_ESP32DSIPanel.cpp.o
Compiling .pio\build\c5tako\libad8\Arduino_GFX\databus\Arduino_ESP32LCD16.cpp.o
Compiling .pio\build\c5tako\libad8\Arduino_GFX\databus\Arduino_ESP32LCD8.cpp.o
Compiling .pio\build\c5tako\libad8\Arduino_GFX\databus\Arduino_ESP32PAR16.cpp.o
Compiling .pio\build\c5tako\libad8\Arduino_GFX\databus\Arduino_ESP32PAR16Q.cpp.o
Compiling .pio\build\c5tako\libad8\Arduino_GFX\databus\Arduino_ESP32PAR16QQ.cpp.o
Compiling .pio\build\c5tako\libad8\Arduino_GFX\databus\Arduino_ESP32PAR8.cpp.o
Compiling .pio\build\c5tako\libad8\Arduino_GFX\databus\Arduino_ESP32PAR8Q.cpp.o
Compiling .pio\build\c5tako\libad8\Arduino_GFX\databus\Arduino_ESP32PAR8QQ.cpp.o
Compiling .pio\build\c5tako\libad8\Arduino_GFX\databus\Arduino_ESP32PAR8QQQ.cpp.o
Compiling .pio\build\c5tako\libad8\Arduino_GFX\databus\Arduino_ESP32QSPI.cpp.o
Compiling .pio\build\c5tako\libad8\Arduino_GFX\databus\Arduino_ESP32RGBPanel.cpp.o
Compiling .pio\build\c5tako\libad8\Arduino_GFX\databus\Arduino_ESP32S2PAR16.cpp.o
Compiling .pio\build\c5tako\libad8\Arduino_GFX\databus\Arduino_ESP32S2PAR16Q.cpp.o
Compiling .pio\build\c5tako\libad8\Arduino_GFX\databus\Arduino_ESP32S2PAR8.cpp.o
Compiling .pio\build\c5tako\libad8\Arduino_GFX\databus\Arduino_ESP32S2PAR8Q.cpp.o
Compiling .pio\build\c5tako\libad8\Arduino_GFX\databus\Arduino_ESP32SPI.cpp.o
Compiling .pio\build\c5tako\libad8\Arduino_GFX\databus\Arduino_ESP32SPIDMA.cpp.o
Compiling .pio\build\c5tako\libad8\Arduino_GFX\databus\Arduino_ESP8266SPI.cpp.o
Compiling .pio\build\c5tako\libad8\Arduino_GFX\databus\Arduino_HWSPI.cpp.o
Compiling .pio\build\c5tako\libad8\Arduino_GFX\databus\Arduino_NRFXSPI.cpp.o
Compiling .pio\build\c5tako\libad8\Arduino_GFX\databus\Arduino_RPiPicoPAR16.cpp.o
Compiling .pio\build\c5tako\libad8\Arduino_GFX\databus\Arduino_RPiPicoPAR8.cpp.o
Compiling .pio\build\c5tako\libad8\Arduino_GFX\databus\Arduino_RPiPicoSPI.cpp.o
Compiling .pio\build\c5tako\libad8\Arduino_GFX\databus\Arduino_RTLPAR8.cpp.o
Compiling .pio\build\c5tako\libad8\Arduino_GFX\databus\Arduino_STM32PAR8.cpp.o
Compiling .pio\build\c5tako\libad8\Arduino_GFX\databus\Arduino_SWPAR16.cpp.o
Compiling .pio\build\c5tako\libad8\Arduino_GFX\databus\Arduino_SWPAR8.cpp.o
Compiling .pio\build\c5tako\libad8\Arduino_GFX\databus\Arduino_SWSPI.cpp.o
Compiling .pio\build\c5tako\libad8\Arduino_GFX\databus\Arduino_UNOPAR8.cpp.o
Compiling .pio\build\c5tako\libad8\Arduino_GFX\databus\Arduino_Wire.cpp.o
Compiling .pio\build\c5tako\libad8\Arduino_GFX\databus\Arduino_XCA9554SWSPI.cpp.o
Compiling .pio\build\c5tako\libad8\Arduino_GFX\databus\Arduino_XL9535SWSPI.cpp.o
Compiling .pio\build\c5tako\libad8\Arduino_GFX\databus\Arduino_mbedSPI.cpp.o
Compiling .pio\build\c5tako\libad8\Arduino_GFX\display\Arduino_AXS15231B.cpp.o
Compiling .pio\build\c5tako\libad8\Arduino_GFX\display\Arduino_CO5300.cpp.o
Compiling .pio\build\c5tako\libad8\Arduino_GFX\display\Arduino_DSI_Display.cpp.o
Compiling .pio\build\c5tako\libad8\Arduino_GFX\display\Arduino_GC9106.cpp.o
Compiling .pio\build\c5tako\libad8\Arduino_GFX\display\Arduino_GC9107.cpp.o
Compiling .pio\build\c5tako\libad8\Arduino_GFX\display\Arduino_GC9A01.cpp.o
Compiling .pio\build\c5tako\libad8\Arduino_GFX\display\Arduino_GC9C01.cpp.o
Compiling .pio\build\c5tako\libad8\Arduino_GFX\display\Arduino_GC9D01.cpp.o
Compiling .pio\build\c5tako\libad8\Arduino_GFX\display\Arduino_HX8347C.cpp.o
Compiling .pio\build\c5tako\libad8\Arduino_GFX\display\Arduino_HX8347D.cpp.o
Compiling .pio\build\c5tako\libad8\Arduino_GFX\display\Arduino_HX8352C.cpp.o
Compiling .pio\build\c5tako\libad8\Arduino_GFX\display\Arduino_HX8357A.cpp.o
Compiling .pio\build\c5tako\libad8\Arduino_GFX\display\Arduino_HX8357B.cpp.o
Compiling .pio\build\c5tako\libad8\Arduino_GFX\display\Arduino_HX8369A.cpp.o
Compiling .pio\build\c5tako\libad8\Arduino_GFX\display\Arduino_ILI9225.cpp.o
Compiling .pio\build\c5tako\libad8\Arduino_GFX\display\Arduino_ILI9331.cpp.o
Compiling .pio\build\c5tako\libad8\Arduino_GFX\display\Arduino_ILI9341.cpp.o
Compiling .pio\build\c5tako\libad8\Arduino_GFX\display\Arduino_ILI9342.cpp.o
Compiling .pio\build\c5tako\libad8\Arduino_GFX\display\Arduino_ILI9481_18bit.cpp.o
Compiling .pio\build\c5tako\libad8\Arduino_GFX\display\Arduino_ILI9486.cpp.o
Compiling .pio\build\c5tako\libad8\Arduino_GFX\display\Arduino_ILI9486_18bit.cpp.o
Compiling .pio\build\c5tako\libad8\Arduino_GFX\display\Arduino_ILI9488.cpp.o
Compiling .pio\build\c5tako\libad8\Arduino_GFX\display\Arduino_ILI9488_18bit.cpp.o
Compiling .pio\build\c5tako\libad8\Arduino_GFX\display\Arduino_ILI9488_3bit.cpp.o
Compiling .pio\build\c5tako\libad8\Arduino_GFX\display\Arduino_ILI9806.cpp.o
Compiling .pio\build\c5tako\libad8\Arduino_GFX\display\Arduino_JBT6K71.cpp.o
Compiling .pio\build\c5tako\libad8\Arduino_GFX\display\Arduino_JD9613.cpp.o
Compiling .pio\build\c5tako\libad8\Arduino_GFX\display\Arduino_NT35310.cpp.o
Compiling .pio\build\c5tako\libad8\Arduino_GFX\display\Arduino_NT35510.cpp.o
Compiling .pio\build\c5tako\libad8\Arduino_GFX\display\Arduino_NT39125.cpp.o
Compiling .pio\build\c5tako\libad8\Arduino_GFX\display\Arduino_NV3001B.cpp.o
Compiling .pio\build\c5tako\libad8\Arduino_GFX\display\Arduino_NV3007.cpp.o
Compiling .pio\build\c5tako\libad8\Arduino_GFX\display\Arduino_NV3023.cpp.o
Compiling .pio\build\c5tako\libad8\Arduino_GFX\display\Arduino_NV3041A.cpp.o
Compiling .pio\build\c5tako\libad8\Arduino_GFX\display\Arduino_OTM8009A.cpp.o
Compiling .pio\build\c5tako\libad8\Arduino_GFX\display\Arduino_R61529.cpp.o
Compiling .pio\build\c5tako\libad8\Arduino_GFX\display\Arduino_RGB_Display.cpp.o
Compiling .pio\build\c5tako\libad8\Arduino_GFX\display\Arduino_RM67162.cpp.o
Compiling .pio\build\c5tako\libad8\Arduino_GFX\display\Arduino_RM690B0.cpp.o
Compiling .pio\build\c5tako\libad8\Arduino_GFX\display\Arduino_SEPS525.cpp.o
Compiling .pio\build\c5tako\libad8\Arduino_GFX\display\Arduino_SH1106.cpp.o
Compiling .pio\build\c5tako\libad8\Arduino_GFX\display\Arduino_SH8601.cpp.o
Compiling .pio\build\c5tako\libad8\Arduino_GFX\display\Arduino_SPD2010.cpp.o
Compiling .pio\build\c5tako\libad8\Arduino_GFX\display\Arduino_SSD1283A.cpp.o
Compiling .pio\build\c5tako\libad8\Arduino_GFX\display\Arduino_SSD1306.cpp.o
Compiling .pio\build\c5tako\libad8\Arduino_GFX\display\Arduino_SSD1331.cpp.o
Compiling .pio\build\c5tako\libad8\Arduino_GFX\display\Arduino_SSD1351.cpp.o
Compiling .pio\build\c5tako\libad8\Arduino_GFX\display\Arduino_SSD1357.cpp.o
Compiling .pio\build\c5tako\libad8\Arduino_GFX\display\Arduino_ST7735.cpp.o
Compiling .pio\build\c5tako\libad8\Arduino_GFX\display\Arduino_ST7789.cpp.o
Compiling .pio\build\c5tako\libad8\Arduino_GFX\display\Arduino_ST77916.cpp.o
Compiling .pio\build\c5tako\libad8\Arduino_GFX\display\Arduino_ST7796.cpp.o
Compiling .pio\build\c5tako\libad8\Arduino_GFX\display\Arduino_WEA2012.cpp.o
Compiling .pio\build\c5tako\lib565\DisplayDrivers\DisplayConfig.cpp.o
Compiling .pio\build\c5tako\lib565\DisplayDrivers\backends\ardgfx.cpp.o
Compiling .pio\build\c5tako\lib565\DisplayDrivers\backends\epdpainter.cpp.o
Compiling .pio\build\c5tako\lib565\DisplayDrivers\backends\gxepd2_hal.cpp.o
Compiling .pio\build\c5tako\lib565\DisplayDrivers\backends\lovyan.cpp.o
Compiling .pio\build\c5tako\lib565\DisplayDrivers\backends\m5gfx_hal.cpp.o
Compiling .pio\build\c5tako\lib565\DisplayDrivers\backends\native_sdl.cpp.o
Compiling .pio\build\c5tako\lib565\DisplayDrivers\backends\swsprite.cpp.o
Compiling .pio\build\c5tako\lib565\DisplayDrivers\backends\tftespi.cpp.o
Compiling .pio\build\c5tako\lib565\DisplayDrivers\panels\GxEPD2_426_SEEED_GDEQ0426T82.cpp.o
Compiling .pio\build\c5tako\lib565\DisplayDrivers\panels\GxEPD2_426_XTEINK_GDEQ0426T82.cpp.o
Compiling .pio\build\c5tako\lib565\DisplayDrivers\panels\GxEPD2_X3_792x528.cpp.o
Compiling .pio\build\c5tako\lib565\DisplayDrivers\panels\GxEPD2_X3_792x528_UC8279.cpp.o
Compiling .pio\build\c5tako\lib565\DisplayDrivers\panels\GxEPD2_X4_800x480_UC8179.cpp.o
Compiling .pio\build\c5tako\lib565\DisplayDrivers\panels\GxEPD2_X4_800x480_UC8279.cpp.o
Compiling .pio\build\c5tako\lib565\DisplayDrivers\panels\GxEPD2_Xteink_UC.cpp.o
Compiling .pio\build\c5tako\libc89\bq27220\bq27220.cpp.o
Compiling .pio\build\c5tako\lib558\SPIFFS\SPIFFS.cpp.o
Compiling .pio\build\c5tako\lib6ad\SD_MMC\SD_MMC.cpp.o
Compiling .pio\build\c5tako\libe19\LittleFS\LittleFS.cpp.o
Compiling .pio\build\c5tako\lib1c3\FFat\FFat.cpp.o
Compiling .pio\build\c5tako\boards\c5tako\interface.cpp.o
Compiling .pio\build\c5tako\src\app_registry.cpp.o
Compiling .pio\build\c5tako\src\backup_manager.cpp.o
Compiling .pio\build\c5tako\src\ble_bonds.cpp.o
Compiling .pio\build\c5tako\src\cardkb2.cpp.o
Compiling .pio\build\c5tako\src\display.cpp.o
Compiling .pio\build\c5tako\src\hal\bright\bright.cpp.o
Compiling .pio\build\c5tako\src\hal\inputs\buttons.cpp.o
Compiling .pio\build\c5tako\src\hal\inputs\encoder.cpp.o
Compiling .pio\build\c5tako\src\hal\inputs\keyboard.cpp.o
Compiling .pio\build\c5tako\src\hal\inputs\touch.cpp.o
Compiling .pio\build\c5tako\src\hal\power\gauge.cpp.o
Compiling .pio\build\c5tako\src\hal\power\pmic.cpp.o
Compiling .pio\build\c5tako\src\idf\idf_http_client.cpp.o
Compiling .pio\build\c5tako\src\idf\idf_update.cpp.o
Compiling .pio\build\c5tako\src\idf\idf_web_server.cpp.o
Compiling .pio\build\c5tako\src\idf\idf_wifi.cpp.o
Compiling .pio\build\c5tako\src\idf\idf_wifi_at.cpp.o
Compiling .pio\build\c5tako\src\idf\launcher_platform.cpp.o
Compiling .pio\build\c5tako\src\install_shared.cpp.o
Compiling .pio\build\c5tako\src\littlefs_patch.cpp.o
Compiling .pio\build\c5tako\src\main.cpp.o
Compiling .pio\build\c5tako\src\massStorage.cpp.o
Compiling .pio\build\c5tako\src\mykeyboard.cpp.o
Compiling .pio\build\c5tako\src\nvs_helpers.cpp.o
Compiling .pio\build\c5tako\src\onlineLauncher.cpp.o
Compiling .pio\build\c5tako\src\partition_install_layout.cpp.o
Compiling .pio\build\c5tako\src\partition_table_model.cpp.o
Compiling .pio\build\c5tako\src\partitioner.cpp.o
Compiling .pio\build\c5tako\src\powerSave.cpp.o
Compiling .pio\build\c5tako\src\ram_profile.cpp.o
Compiling .pio\build\c5tako\src\sd_functions.cpp.o
Compiling .pio\build\c5tako\src\serial_console.cpp.o
Compiling .pio\build\c5tako\src\settings.cpp.o
Compiling .pio\build\c5tako\src\utils.cpp.o
Compiling .pio\build\c5tako\src\webInterface.cpp.o
Compiling .pio\build\c5tako\src\wifi_crypto.cpp.o
Retrieved `.pio\build\c5tako\bootloader.bin' from cache
Retrieved `.pio\build\c5tako\partitions.bin' from cache
Compiling .pio\build\c5tako\FrameworkArduino\ColorFormat.c.o
Compiling .pio\build\c5tako\FrameworkArduino\Esp.cpp.o
Compiling .pio\build\c5tako\FrameworkArduino\FirmwareMSC.cpp.o
Compiling .pio\build\c5tako\FrameworkArduino\FunctionalInterrupt.cpp.o
Compiling .pio\build\c5tako\FrameworkArduino\HEXBuilder.cpp.o
Compiling .pio\build\c5tako\FrameworkArduino\HWCDC.cpp.o
Compiling .pio\build\c5tako\FrameworkArduino\HardwareSerial.cpp.o
Compiling .pio\build\c5tako\FrameworkArduino\HashBuilder.cpp.o
Compiling .pio\build\c5tako\FrameworkArduino\IPAddress.cpp.o
Compiling .pio\build\c5tako\FrameworkArduino\MD5Builder.cpp.o
Compiling .pio\build\c5tako\FrameworkArduino\MacAddress.cpp.o
Compiling .pio\build\c5tako\FrameworkArduino\Print.cpp.o
Compiling .pio\build\c5tako\FrameworkArduino\Stream.cpp.o
Compiling .pio\build\c5tako\FrameworkArduino\StreamString.cpp.o
Compiling .pio\build\c5tako\FrameworkArduino\StringUtils.cpp.o
Compiling .pio\build\c5tako\FrameworkArduino\Tone.cpp.o
Compiling .pio\build\c5tako\FrameworkArduino\USB.cpp.o
Compiling .pio\build\c5tako\FrameworkArduino\USBCDC.cpp.o
Compiling .pio\build\c5tako\FrameworkArduino\USBMSC.cpp.o
Compiling .pio\build\c5tako\FrameworkArduino\WMath.cpp.o
Compiling .pio\build\c5tako\FrameworkArduino\WString.cpp.o
Compiling .pio\build\c5tako\FrameworkArduino\base64.cpp.o
Compiling .pio\build\c5tako\FrameworkArduino\cbuf.cpp.o
Compiling .pio\build\c5tako\FrameworkArduino\chip-debug-report.cpp.o
Compiling .pio\build\c5tako\FrameworkArduino\esp32-hal-adc.c.o
Compiling .pio\build\c5tako\FrameworkArduino\esp32-hal-bt.c.o
Compiling .pio\build\c5tako\FrameworkArduino\esp32-hal-cpu.c.o
Compiling .pio\build\c5tako\FrameworkArduino\esp32-hal-dac.c.o
Compiling .pio\build\c5tako\FrameworkArduino\esp32-hal-gpio.c.o
Compiling .pio\build\c5tako\FrameworkArduino\esp32-hal-hosted.c.o
Compiling .pio\build\c5tako\FrameworkArduino\esp32-hal-i2c-ng.c.o
Compiling .pio\build\c5tako\FrameworkArduino\esp32-hal-i2c-slave.c.o
Compiling .pio\build\c5tako\FrameworkArduino\esp32-hal-i2c.c.o
Compiling .pio\build\c5tako\FrameworkArduino\esp32-hal-ldo.c.o
Compiling .pio\build\c5tako\FrameworkArduino\esp32-hal-ledc.c.o
Compiling .pio\build\c5tako\FrameworkArduino\esp32-hal-log-wrapper.c.o
Compiling .pio\build\c5tako\FrameworkArduino\esp32-hal-matrix.c.o
Compiling .pio\build\c5tako\FrameworkArduino\esp32-hal-misc.c.o
Compiling .pio\build\c5tako\FrameworkArduino\esp32-hal-periman.c.o
Compiling .pio\build\c5tako\FrameworkArduino\esp32-hal-psram.c.o
Compiling .pio\build\c5tako\FrameworkArduino\esp32-hal-rgb-led.c.o
Compiling .pio\build\c5tako\FrameworkArduino\esp32-hal-rmt.c.o
Compiling .pio\build\c5tako\FrameworkArduino\esp32-hal-sigmadelta.c.o
Compiling .pio\build\c5tako\FrameworkArduino\esp32-hal-spi.c.o
Compiling .pio\build\c5tako\FrameworkArduino\esp32-hal-time.c.o
Compiling .pio\build\c5tako\FrameworkArduino\esp32-hal-timer.c.o
Compiling .pio\build\c5tako\FrameworkArduino\esp32-hal-tinyusb.c.o
Compiling .pio\build\c5tako\FrameworkArduino\esp32-hal-touch-ng.c.o
Compiling .pio\build\c5tako\FrameworkArduino\esp32-hal-touch.c.o
Compiling .pio\build\c5tako\FrameworkArduino\esp32-hal-uart.c.o
Compiling .pio\build\c5tako\FrameworkArduino\firmware_msc_fat.c.o
Compiling .pio\build\c5tako\FrameworkArduino\freertos_stats.cpp.o
Compiling .pio\build\c5tako\FrameworkArduino\idf_openthread_mpool_wrapper.c.o
Compiling .pio\build\c5tako\FrameworkArduino\libb64\cdecode.c.o
Compiling .pio\build\c5tako\FrameworkArduino\libb64\cencode.c.o
Compiling .pio\build\c5tako\FrameworkArduino\main.cpp.o
Compiling .pio\build\c5tako\FrameworkArduino\stdlib_noniso.c.o
Compiling .pio\build\c5tako\FrameworkArduino\wiring_pulse.c.o
Compiling .pio\build\c5tako\FrameworkArduino\wiring_shift.c.o
Archiving .pio\build\c5tako\libFrameworkArduino.a
Linking .pio\build\c5tako\firmware.elf
lto-wrapper.exe: warning: using serial compilation of 9 LTRANS jobs
lto-wrapper.exe: note: see the '-flto' option documentation for more information
Memory region         Used Size  Region Size  %age Used
        irom_seg:     1139690 B   16777184 B      6.79%
        sram_seg:      150352 B     320928 B     46.85%
        drom_seg:     1416223 B   16777184 B      8.44%
      lp_ram_seg:         164 B      16360 B      1.00%
 lp_reserved_seg:          24 B         24 B    100.00%
  extern_ram_seg:     1441760 B   16777184 B      8.59%
Firmware metrics can not be shown. Set the terminal codepage to "utf-8" or "cp65001" on Windows.
Retrieving maximum program size .pio\build\c5tako\firmware.elf
Checking size .pio\build\c5tako\firmware.elf
Advanced Memory Usage is available via "PlatformIO Home > Project Inspect"
RAM:   [==        ]  17.3% (used 56772 bytes from 327680 bytes)
Flash: [========= ]  91.6% (used 1441493 bytes from 1572864 bytes)
Building .pio\build\c5tako\firmware.bin
esptool v5.3.0
Creating ESP32-C5 image...
Merged 4 ELF sections.
Successfully created ESP32-C5 image.
Creating binary "firmware.factory.bin" with:
    Offset   | File
 -  0x2000   | bootloader.bin
 -  0x8000   | partitions.bin
 -  0xe000   | boot_app0.bin
 -  0x10000  | firmware.bin
Successfully created combined binary image.
_merge_bins_callback([".pio\build\c5tako\firmware.bin"], [".pio\build\c5tako\firmware.elf"])
Launcher: [==================  ] 92.4% (used 0x162FF0 bytes of 0x180000 of test partition)
[merge_bin] Merging binaries...
[merge_bin] Success -> C:\Users\User\Documents\GitHub\Launcher-x-C5TAKO\Launcher-c5tako.bin (1519600 bytes)
========================= [SUCCESS] Took 87.24 seconds =========================

Environment    Status    Duration
-------------  --------  ------------
c5tako         SUCCESS   00:01:27.239
========================= 1 succeeded in 00:01:27.239 =========================
